// Jest Snapshot v1, https://goo.gl/fbAQLP

exports[`Pruebas sobre el componente de <RealRef />. Debe de mostrar el componente correctamente y crear una snapshot. 1`] = `
<div>
  <h1>
    Real Example Use of useRef
  </h1>
  <hr />
  <button
    className="btn btn-primary mt-5"
    onClick={[Function]}
  >
     Show/Hide 
  </button>
</div>
`;
