// Jest Snapshot v1, https://goo.gl/fbAQLP

exports[`Pruebas en el componente de "<AppRouter />." El componente debe renderizarse correctamente y generar la snapshot.  1`] = `ReactWrapper {}`;
