// Jest Snapshot v1, https://goo.gl/fbAQLP

exports[`Pruebas en el componente de PrimeraApp. Debe mostrar el componente de PrimeraApp correctamente. 1`] = `
<Fragment>
  <h1>
    Hola Mundo
  </h1>
  <p>
    Soy un subtitulo
  </p>
</Fragment>
`;
