// Jest Snapshot v1, https://goo.gl/fbAQLP

exports[`Pruebas en el componente de "<TodoListItem />". Debe de mostrarse correctamente y generar una snapshot.  1`] = `
<li
  className="list-group-item"
  key="1"
>
  <p
    className="false"
    onClick={[Function]}
  >
     
    1
    . 
    Comprar una fuente de 750w
     
  </p>
  <button
    className="btn btn-danger"
    onClick={[Function]}
  >
    Borrar
  </button>
</li>
`;
