// Jest Snapshot v1, https://goo.gl/fbAQLP

exports[`Pruebas en el componente de <TodoAdd /> Debe de mostrarse correctamente y crear una snapshot. 1`] = `
<div>
  <h4>
    Agregar TODO
  </h4>
  <hr />
  <form
    onSubmit={[Function]}
  >
    <input
      autoComplete="off"
      className="form-control"
      name="description"
      onChange={[Function]}
      placeholder="TODO..."
      type="text"
      value=""
    />
    <div
      className="d-grid gap-2"
    >
      <button
        className="btn btn-outline-primary mt-1"
        type="submit"
      >
        Agregar
      </button>
    </div>
  </form>
</div>
`;
