// Jest Snapshot v1, https://goo.gl/fbAQLP

exports[`Pruebas en el componente de "<DeleteEventFab/>." Debe de mostrarse correctamente. 1`] = `ReactWrapper {}`;
