// Jest Snapshot v1, https://goo.gl/fbAQLP

exports[`Pruebas en el componente funcional de "<NoteScreen />." Debe de renderizarse correctamente y hacer match con el snapshot.  1`] = `
<div
  className="notes__main-content"
>
  <div
    className="notes__appbar"
  >
    <span>
       
      Jan 3, 1970
       
    </span>
    <input
      id="fileSelector"
      onChange={[Function]}
      style={
        Object {
          "display": "none",
        }
      }
      type="file"
    />
    <div>
      <button
        className="btn"
        onClick={[Function]}
      >
         Picture 
      </button>
      <button
        className="btn"
        onClick={[Function]}
      >
         Save 
      </button>
    </div>
  </div>
  <div
    className="notes__content"
  >
    <input
      autoComplete="off"
      className="notes__title-input"
      name="title"
      onChange={[Function]}
      placeholder="Put a title here"
      type="text"
      value="hola"
    />
    <textarea
      className="notes__textarea"
      name="body"
      onChange={[Function]}
      placeholder="What happened today?"
      value="mundo"
    />
  </div>
  <button
    className="btn btn-danger"
    onClick={[Function]}
  >
     Delete 
  </button>
</div>
`;
