// Jest Snapshot v1, https://goo.gl/fbAQLP

exports[`Pruebas en el componente de "<SearchScreen/>". Debe de mostrarse con los valores por defecto. 1`] = `
<div>
  <h1>
     Search Screen 
  </h1>
  <hr />
  <div
    className="row"
  >
    <div
      className="col-4"
    >
      <h4>
         Search Form 
      </h4>
      <hr />
      <form
        onSubmit={[Function]}
      >
        <input
          autoComplete="off"
          className="form-control"
          name="searchText"
          onChange={[Function]}
          placeholder="Search Hero"
          type="text"
          value=""
        />
        <div
          className="d-grid gap-2 mt-2"
        >
          <button
            className="btn btn-outline-primary"
            type="submit"
          >
             Search 
          </button>
        </div>
      </form>
    </div>
    <div
      className="col-7"
    >
      <h4>
         Results 
      </h4>
      <hr />
      <div
        className="alert alert-info"
      >
         Search a hero 
      </div>
    </div>
  </div>
</div>
`;
