// Jest Snapshot v1, https://goo.gl/fbAQLP

exports[`Pruebas en el componente de <AddCategory />. El componente debe renderizarse correctamente. 1`] = `
<form
  onSubmit={[Function]}
>
  <input
    onChange={[Function]}
    type="text"
    value=""
  />
</form>
`;
