// Jest Snapshot v1, https://goo.gl/fbAQLP

exports[`Pruebas en el compontente de "GifGridItem" Debe mostrar el componente correctamente. 1`] = `
<div
  className="card animate__animated animate__fadeIn"
>
  <img
    alt="Titulo"
    src="https://urlejemplo.com.mx"
  />
  <p>
    Titulo
  </p>
</div>
`;
